[web.archive.org/web/20181129180103/http_/homepages.paradise.net.nz/djgriff/index.html]
[web-static.archive.org/_static/js/bundle-playback0e4c.js]
[web-static.archive.org/_static/js/wombat9b8c.js]
[web-static.archive.org/_static/css/banner-styles3ae1.css]
[web-static.archive.org/_static/js/ruffle/ruffle.js]
[backblue.gif]
[fade.gif]
[index.html]
[web-static.archive.org/_static/css/iconochive29a7.css]
[web.archive.org/web/20181129184615im_/http_/homepages.paradise.net.nz/djgriff/griffiths.jpg]
[web.archive.org/web/20181129180103/http_/homepages.paradise.net.nz/djgriff/patx.html]
[web.archive.org/web/20181129184613im_/http_/homepages.paradise.net.nz/djgriff/Griffiths,Dave aged 2.3years.gif]
[web.archive.org/web/20181129184613im_/http_/homepages.paradise.net.nz/djgriff/email.jpg]
[web.archive.org/web/20181129180103/http_/homepages.paradise.net.nz/djgriff/index.html]
[web-static.archive.org/_static/css/banner-styles3ae1.css]
[web-static.archive.org/_static/css/iconochive29a7.css]
[web.archive.org/web/20181129184620im_/http_/homepages.paradise.net.nz/djgriff/images/tree2.jpg]
[web.archive.org/web/20181129180103/http_/homepages.paradise.net.nz/djgriff/gptex.html]
[web.archive.org/web/20181129184647im_/http_/homepages.paradise.net.nz/djgriff/home.jpg]
[web.archive.org/web/20181129180103/http_/homepages.paradise.net.nz/djgriff/sbtex.html]
[web.archive.org/web/20181129184649im_/http_/homepages.paradise.net.nz/djgriff/start.jpg]
[web.archive.org/web/20181129184645im_/http_/homepages.paradise.net.nz/djgriff/next.jpg]
[web.archive.org/web/20181129184647im_/http_/homepages.paradise.net.nz/djgriff/end.jpg]
[web.archive.org/web/20181129180103/http_/homepages.paradise.net.nz/djgriff/patx.html]
[web-static.archive.org/_static/images/web-screenshot.svg]
[web-static.archive.org/_static/fonts/Iconochive-Regular.svg]
[web.archive.org/web/20181129184620im_/http_/homepages.paradise.net.nz/djgriff/images/tree2.html]
[web.archive.org/web/20181129185740im_/http_/homepages.paradise.net.nz/djgriff/images/email.jpg]
[web.archive.org/web/20181129180103/http_/homepages.paradise.net.nz/djgriff/gptex.html]
[web.archive.org/web/20181129180103/http_/homepages.paradise.net.nz/djgriff/tgpex.html]
[web.archive.org/web/20181129180103/http_/homepages.paradise.net.nz/djgriff/sbtex.html]
[web.archive.org/web/20181129185740im_/http_/homepages.paradise.net.nz/djgriff/images/email.html]
[web.archive.org/web/20181129180103/http_/homepages.paradise.net.nz/djgriff/tgpex.html]
